// Jest Snapshot v1, https://goo.gl/fbAQLP

exports[`should render Footer 1`] = `
<div>
  <footer
    class="page-footer deep-purple darken-3 lighten-1"
  >
    <div
      class="container"
    >
      <div
        class="row"
      >
        <div
          class="col l6 s12"
        >
          <h5
            class="white-text logo-font"
          >
            CarVirde
          </h5>
          <p
            class="grey-text text-lighten-4"
          >
            Your Traveling Solution
          </p>
        </div>
        <div
          class="col l4 offset-l2 s12"
        >
          <i
            className="material-icons"
          >
            contact_phone
          </i>
          <h5
            class="white-text"
            style={
              Object {
                "display": "inline-block",
                "fontSize": "15px",
                "marginLeft": "20px",
              }
            }
          >
            021-7574829
          </h5>
          <ul />
        </div>
        <div
          class="col l4 offset-l2 s12"
        >
          <i
            className="material-icons"
          >
            email
          </i>
          <h5
            class="white-text"
            style={
              Object {
                "display": "inline-block",
                "fontSize": "15px",
                "marginLeft": "20px",
              }
            }
          >
            contact-support@carvirde.com
          </h5>
          <ul />
        </div>
      </div>
    </div>
    <div
      class="footer-copyright"
    >
      <div
        class="container"
      >
        Â© 2017 CarVirde
        <a
          class="grey-text text-lighten-4 right"
          href="https://github.com/rizasatyabudhi/CarVirDe"
        >
          www.carvirde.com
        </a>
      </div>
    </div>
  </footer>
</div>
`;
